[ansible@ansible playbook]$ cat playbook2.yml
---
- name: Install and Configure HTTPD
  hosts: web
  become: true
  tasks:
    - name: Latest version of httpd and firewalld
      ansible.builtin.dnf:
        name: ## It accepts list
          - httpd
          - firewalld
        state: latest

    - name: Test page configured
      ansible.builtin.copy:
        content: "Hello World"
        dest: /var/www/html/index.html

    - name: Firewalld Enabled and Running
      ansible.builtin.service:
        name: firewalld
        state: started
        enabled: true

    - name: Configured firewall rules
      ansible.posix.firewalld:
        service: http
        permanent: true
        state: enabled
        immediate: yes

    - name: HTPD Enabled
      ansible.builtin.service:
        name: httpd
        state: started
        enabled: true

- name: Connect to webserver
  hosts: localhost
  become: false
  tasks:
    - name: Connect to http server nodea
      ansible.builtin.uri:
        url: http://node1
        return_content: yes
        status_code: 200
[ansible@ansible playbook]$


[ansible@ansible playbook]$ ansible-playbook playbook2.yml --syntax-check
ERROR! couldn't resolve module/action 'ansible.posix.firewalld'. This often indicates a misspelling, missing collection, or incorrect module path.

The error appears to be in '/home/ansible/playbook/playbook2.yml': line 24, column 7, but may
be elsewhere in the file depending on the exact syntax problem.

The offending line appears to be:


    - name: Configured firewall rules
      ^ here
[ansible@ansible playbook]$ ansible-galaxy collection install ansible.posix
Starting galaxy collection install process
Process install dependency map
Starting collection install process
Downloading https://galaxy.ansible.com/api/v3/plugin/ansible/content/published/collections/artifacts/ansible-posix-1.5.4.tar.gz to /home/ansible/.ansible/t/ansible-local-6237boe6t5v8/tmpf443urxk/ansible-posix-1.5.4-kks1oukl
Installing 'ansible.posix:1.5.4' to '/home/ansible/.ansible/collections/ansible_collections/ansible/posix'
ansible.posix:1.5.4 was installed successfully
[ansible@ansible playbook]$ ansible-playbook playbook2.yml --syntax-check

playbook: playbook2.yml

[ansible@ansible playbook]$ ansible-playbook playbook2.yml

PLAY [Install and Configure HTTPD] ************************************************************************************************************************

TASK [Gathering Facts] ************************************************************************************************************************************
ok: [node1]
ok: [node2]

TASK [Latest version of httpd and firewalld] **************************************************************************************************************
ok: [node1]
ok: [node2]

TASK [Test page configured] *******************************************************************************************************************************
ok: [node1]
ok: [node2]

TASK [Firewalld Enabled and Running] **********************************************************************************************************************
ok: [node2]
ok: [node1]

TASK [Configured firewall rules] **************************************************************************************************************************
ok: [node2]
ok: [node1]

TASK [HTPD Enabled] ***************************************************************************************************************************************
ok: [node2]
ok: [node1]

PLAY [Connect to webserver] *******************************************************************************************************************************

TASK [Gathering Facts] ************************************************************************************************************************************
ok: [localhost]

TASK [Connect to http server nodea] ***********************************************************************************************************************
ok: [localhost]

PLAY RECAP ************************************************************************************************************************************************
localhost                  : ok=2    changed=0    unreachable=0    failed=0    skipped=0    rescued=0    ignored=0
node1                      : ok=6    changed=0    unreachable=0    failed=0    skipped=0    rescued=0    ignored=0
node2                      : ok=6    changed=0    unreachable=0    failed=0    skipped=0    rescued=0    ignored=0

